[07/08/2026 02:38:27] Parents GET /miele/token
[07/08/2026 02:38:27] Parents POST /wash/list
[07/08/2026 02:38:27] Parents GET /mbtoday
[07/08/2026 02:38:27] Parents GET /temptoday
[07/08/2026 02:38:27] Parents GET /miele/devices
[07/08/2026 02:38:29] Parents GET /temptoday
[07/08/2026 02:38:29] Parents GET /mbtoday
[07/08/2026 02:38:31] Parents GET /temptoday
[07/08/2026 02:38:31] Parents GET /clim/status
[07/08/2026 02:38:41] Parents GET /clim/status
[07/08/2026 02:38:51] Parents GET /clim/status
[07/08/2026 02:39:01] Parents GET /clim/status
[07/08/2026 02:39:11] Parents GET /clim/status
[07/08/2026 02:39:21] Parents GET /clim/status
[07/08/2026 02:39:31] Parents GET /clim/status
[07/08/2026 02:39:41] Parents GET /clim/status
[07/08/2026 02:40:00] Parents GET /clim/status
[07/08/2026 02:40:04] Parents GET /temptoday
[07/08/2026 02:40:04] Parents GET /clim/status
[07/08/2026 02:58:03] Parents GET /clim/status
[07/08/2026 02:58:13] Parents GET /clim/status
[07/08/2026 02:58:23] Parents GET /clim/status
[07/08/2026 04:23:35] Parents GET /clim/status
[07/08/2026 04:23:45] Parents GET /clim/status
[07/08/2026 04:23:55] Parents GET /clim/status
[07/08/2026 05:58:12] Parents GET /clim/status
[07/08/2026 05:58:22] Parents GET /clim/status
[07/08/2026 05:58:32] Parents GET /clim/status
[07/08/2026 07:16:05] Parents GET /clim/status
[07/08/2026 07:16:14] Parents GET /clim/status
[07/08/2026 07:16:24] Parents GET /clim/status
[07/08/2026 08:44:27] Parents GET /clim/status
[07/08/2026 08:44:37] Parents GET /clim/status
[07/08/2026 08:44:47] Parents GET /clim/status
[07/08/2026 10:02:08] Parents GET /clim/status
[07/08/2026 10:02:19] Parents GET /clim/status
[07/08/2026 10:02:28] Parents GET /clim/status
[07/08/2026 11:11:55] Parents GET /clim/status
[07/08/2026 11:11:55] Parents GET /temptoday
[07/08/2026 11:12:05] Parents GET /clim/status
[07/08/2026 11:12:15] Parents GET /clim/status
[07/08/2026 11:12:25] Parents GET /clim/status
[07/08/2026 11:12:35] Parents GET /clim/status
[07/08/2026 11:12:48] Parents GET /clim/status
[07/08/2026 11:12:55] Parents GET /clim/status
[07/08/2026 11:13:05] Parents GET /clim/status
[07/08/2026 11:13:08] Parents GET /clim/status
[07/08/2026 11:13:08] Parents GET /temptoday
[07/08/2026 11:13:19] Parents GET /clim/status
[07/08/2026 11:13:29] Parents GET /clim/status
[07/08/2026 11:13:39] Parents GET /clim/status
[07/08/2026 11:13:49] Parents GET /clim/status
[07/08/2026 11:13:59] Parents GET /clim/status
[07/08/2026 11:14:09] Parents GET /clim/status
[07/08/2026 11:14:19] Parents GET /clim/status
[07/08/2026 11:14:29] Parents GET /clim/status
[07/08/2026 11:14:39] Parents GET /clim/status
[07/08/2026 11:14:49] Parents GET /clim/status
[07/08/2026 11:15:45] Parents GET /clim/status
[07/08/2026 11:16:45] Parents GET /clim/status
[07/08/2026 11:17:45] Parents GET /clim/status
[07/08/2026 11:17:46] Parents GET /temptoday
[07/08/2026 11:17:46] Parents GET /clim/status
[07/08/2026 11:17:57] Parents GET /clim/status
[07/08/2026 11:18:07] Parents GET /clim/status
[07/08/2026 11:18:17] Parents GET /clim/status
[07/08/2026 11:18:27] Parents GET /clim/status
[07/08/2026 11:18:37] Parents GET /clim/status
[07/08/2026 11:18:47] Parents GET /clim/status
[07/08/2026 11:18:57] Parents GET /clim/status
[07/08/2026 11:19:45] Parents GET /clim/status
[07/08/2026 11:20:45] Parents GET /clim/status
[07/08/2026 11:21:45] Parents GET /clim/status
[07/08/2026 11:22:45] Parents GET /clim/status
[07/08/2026 11:22:46] Parents GET /temptoday
[07/08/2026 11:22:46] Parents GET /clim/status
[07/08/2026 11:22:57] Parents GET /clim/status
[07/08/2026 11:23:07] Parents GET /clim/status
[07/08/2026 11:23:17] Parents GET /clim/status
[07/08/2026 11:23:27] Parents GET /clim/status
[07/08/2026 11:23:37] Parents GET /clim/status
[07/08/2026 11:23:57] Parents GET /clim/status
[07/08/2026 11:24:45] Parents GET /clim/status
[07/08/2026 11:26:45] Parents GET /clim/status
[07/08/2026 11:35:37] Parents GET /clim/status
[07/08/2026 11:35:47] Parents GET /clim/status
[07/08/2026 11:35:57] Parents GET /clim/status
[07/08/2026 11:36:45] Parents GET /clim/status
[07/08/2026 11:37:45] Parents GET /clim/status
[07/08/2026 11:38:45] Parents GET /clim/status
